wtownsend2@hpcl5-4:~/COSC420/Program2$ hdfs dfs -rm -r /user/wtownsend2/socialnetwork/output
Deleted /user/wtownsend2/socialnetwork/output
wtownsend2@hpcl5-4:~/COSC420/Program2$ hadoop com.sun.tools.javac.Main socialNetwork.java
wtownsend2@hpcl5-4:~/COSC420/Program2$ jar cf wc.jar socialNetwork*.class
wtownsend2@hpcl5-4:~/COSC420/Program2$ hadoop jar wc.jar socialNetwork /user/wtownsend2/socialnetwork/input /user/wtownsend2/socialnetwork/output
2022-11-28 10:34:08,010 INFO client.DefaultNoHARMFailoverProxyProvider: Connecting to ResourceManager at hpcl6-1.hslinux/10.249.43.32:8032
2022-11-28 10:34:08,348 WARN mapreduce.JobResourceUploader: Hadoop command-line option parsing not performed. Implement the Tool interface and execute your application with ToolRunner to remedy this.
2022-11-28 10:34:08,389 INFO mapreduce.JobResourceUploader: Disabling Erasure Coding for path: /user/wtownsend2/.staging/job_1667234420360_0104
2022-11-28 10:34:08,693 INFO input.FileInputFormat: Total input files to process : 1
2022-11-28 10:34:08,853 INFO mapreduce.JobSubmitter: number of splits:1
2022-11-28 10:34:09,003 INFO mapreduce.JobSubmitter: Submitting tokens for job: job_1667234420360_0104
2022-11-28 10:34:09,003 INFO mapreduce.JobSubmitter: Executing with tokens: []
2022-11-28 10:34:09,175 INFO conf.Configuration: resource-types.xml not found
2022-11-28 10:34:09,175 INFO resource.ResourceUtils: Unable to find 'resource-types.xml'.
2022-11-28 10:34:09,242 INFO impl.YarnClientImpl: Submitted application application_1667234420360_0104
2022-11-28 10:34:09,281 INFO mapreduce.Job: The url to track the job: http://hpcl6-1.hslinux:8088/proxy/application_1667234420360_0104/
2022-11-28 10:34:09,282 INFO mapreduce.Job: Running job: job_1667234420360_0104
2022-11-28 10:34:14,418 INFO mapreduce.Job: Job job_1667234420360_0104 running in uber mode : false
2022-11-28 10:34:14,420 INFO mapreduce.Job:  map 0% reduce 0%
2022-11-28 10:34:19,509 INFO mapreduce.Job:  map 100% reduce 0%
2022-11-28 10:34:24,550 INFO mapreduce.Job:  map 100% reduce 100%
2022-11-28 10:34:24,564 INFO mapreduce.Job: Job job_1667234420360_0104 completed successfully
2022-11-28 10:34:24,684 INFO mapreduce.Job: Counters: 54
        File System Counters
                FILE: Number of bytes read=168
                FILE: Number of bytes written=551535
                FILE: Number of read operations=0
                FILE: Number of large read operations=0
                FILE: Number of write operations=0
                HDFS: Number of bytes read=165
                HDFS: Number of bytes written=146
                HDFS: Number of read operations=8
                HDFS: Number of large read operations=0
                HDFS: Number of write operations=2
                HDFS: Number of bytes read erasure-coded=0
        Job Counters 
                Launched map tasks=1
                Launched reduce tasks=1
                Rack-local map tasks=1
                Total time spent by all maps in occupied slots (ms)=2355
                Total time spent by all reduces in occupied slots (ms)=2453
                Total time spent by all map tasks (ms)=2355
                Total time spent by all reduce tasks (ms)=2453
                Total vcore-milliseconds taken by all map tasks=2355
                Total vcore-milliseconds taken by all reduce tasks=2453
                Total megabyte-milliseconds taken by all map tasks=2411520
                Total megabyte-milliseconds taken by all reduce tasks=2511872
        Map-Reduce Framework
                Map input records=4
                Map output records=8
                Map output bytes=146
                Map output materialized bytes=168
                Input split bytes=138
                Combine input records=0
                Combine output records=0
                Reduce input groups=4
                Reduce shuffle bytes=168
                Reduce input records=8
                Reduce output records=8
                Spilled Records=16
                Shuffled Maps =1
                Failed Shuffles=0
                Merged Map outputs=1
                GC time elapsed (ms)=111
                CPU time spent (ms)=1400
                Physical memory (bytes) snapshot=643571712
                Virtual memory (bytes) snapshot=5251997696
                Total committed heap usage (bytes)=684720128
                Peak Map Physical memory (bytes)=376291328
                Peak Map Virtual memory (bytes)=2622922752
                Peak Reduce Physical memory (bytes)=267280384
                Peak Reduce Virtual memory (bytes)=2629074944
        Shuffle Errors
                BAD_ID=0
                CONNECTION=0
                IO_ERROR=0
                WRONG_LENGTH=0
                WRONG_MAP=0
                WRONG_REDUCE=0
        File Input Format Counters 
                Bytes Read=27
        File Output Format Counters 
                Bytes Written=146
wtownsend2@hpcl5-4:~/COSC420/Program2$ hdfs dfs -cat /user/wtownsend2/socialnetwork/output/part-r-00000
12 13   23=12 13
21 23 24        34=23 24
21 23 24        14=21 24
21 23 24        13=21 23
31 32 34        24=32 34
31 32 34        14=31 34
31 32 34        12=31 32
42 43   23=42 43